// Jest Snapshot v1, https://goo.gl/fbAQLP

exports[`App should match the snapshot with all data passed in correctly 1`] = `
<main
  className="App"
>
  <p>
    Hold your horses
  </p>
  <Header
    data={Array []}
  />
  <Route
    exact={true}
    path="/"
    render={[Function]}
  />
  <Route
    path="/people"
    render={[Function]}
  />
  <Route
    path="/planets"
    render={[Function]}
  />
  <Route
    path="/vehicles"
    render={[Function]}
  />
  <Route
    path="/favorites"
    render={[Function]}
  />
</main>
`;
